// Jest Snapshot v1, https://goo.gl/fbAQLP

exports[`DiyImage tests renders correctly 1`] = `
<div>
  <img
    alt="the title"
    class="image"
    src="https://hips.hearstapps.com/hmg-prod.s3.amazonaws.com/images/splatter-painted-easter-egg-designs-1616169765.jpg?crop=0.9514285714285714xw:1xh;center,top&resize=980:*"
  />
</div>
`;
