// Jest Snapshot v1, https://goo.gl/fbAQLP

exports[`Text tests renders correctly 1`] = `
<div>
  <div
    class="content"
  >
    the text
  </div>
</div>
`;
